Archive member included because of file (symbol)

c:/winavr-20081124rc3/bin/../lib/gcc/avr/4.3.2/avr5\libgcc.a(_exit.o)
                              c:/winavr-20081124rc3/bin/../lib/gcc/avr/4.3.2/../../../../avr/lib/avr5/crtm168.o (exit)
c:/winavr-20081124rc3/bin/../lib/gcc/avr/4.3.2/avr5\libgcc.a(_copy_data.o)
                              bumper_car_atmel.o (__do_copy_data)
c:/winavr-20081124rc3/bin/../lib/gcc/avr/4.3.2/avr5\libgcc.a(_clear_bss.o)
                              bumper_car_atmel.o (__do_clear_bss)
c:/winavr-20081124rc3/bin/../lib/gcc/avr/4.3.2/avr5\libgcc.a(_addsub_sf.o)
                              bumper_car_atmel.o (__addsf3)
c:/winavr-20081124rc3/bin/../lib/gcc/avr/4.3.2/avr5\libgcc.a(_gt_sf.o)
                              bumper_car_atmel.o (__gtsf2)
c:/winavr-20081124rc3/bin/../lib/gcc/avr/4.3.2/avr5\libgcc.a(_thenan_sf.o)
                              c:/winavr-20081124rc3/bin/../lib/gcc/avr/4.3.2/avr5\libgcc.a(_addsub_sf.o) (__thenan_sf)
c:/winavr-20081124rc3/bin/../lib/gcc/avr/4.3.2/avr5\libgcc.a(_usi_to_sf.o)
                              bumper_car_atmel.o (__floatunsisf)
c:/winavr-20081124rc3/bin/../lib/gcc/avr/4.3.2/avr5\libgcc.a(_prologue.o)
                              c:/winavr-20081124rc3/bin/../lib/gcc/avr/4.3.2/avr5\libgcc.a(_addsub_sf.o) (__prologue_saves__)
c:/winavr-20081124rc3/bin/../lib/gcc/avr/4.3.2/avr5\libgcc.a(_epilogue.o)
                              c:/winavr-20081124rc3/bin/../lib/gcc/avr/4.3.2/avr5\libgcc.a(_addsub_sf.o) (__epilogue_restores__)
c:/winavr-20081124rc3/bin/../lib/gcc/avr/4.3.2/avr5\libgcc.a(_clzsi2.o)
                              c:/winavr-20081124rc3/bin/../lib/gcc/avr/4.3.2/avr5\libgcc.a(_usi_to_sf.o) (__clzsi2)
c:/winavr-20081124rc3/bin/../lib/gcc/avr/4.3.2/avr5\libgcc.a(_pack_sf.o)
                              c:/winavr-20081124rc3/bin/../lib/gcc/avr/4.3.2/avr5\libgcc.a(_addsub_sf.o) (__pack_f)
c:/winavr-20081124rc3/bin/../lib/gcc/avr/4.3.2/avr5\libgcc.a(_unpack_sf.o)
                              c:/winavr-20081124rc3/bin/../lib/gcc/avr/4.3.2/avr5\libgcc.a(_addsub_sf.o) (__unpack_f)
c:/winavr-20081124rc3/bin/../lib/gcc/avr/4.3.2/avr5\libgcc.a(_fpcmp_parts_sf.o)
                              c:/winavr-20081124rc3/bin/../lib/gcc/avr/4.3.2/avr5\libgcc.a(_gt_sf.o) (__fpcmp_parts_f)
c:/winavr-20081124rc3/bin/../lib/gcc/avr/4.3.2/avr5\libgcc.a(_clz.o)
                              c:/winavr-20081124rc3/bin/../lib/gcc/avr/4.3.2/avr5\libgcc.a(_clzsi2.o) (__clz_tab)

Allocating common symbols
Common symbol       size              file

escape_action       0x2               bumper_car_atmel.o
escape_time         0x4               bumper_car_atmel.o
escape_bumper       0x2               bumper_car_atmel.o
reset_action        0x2               bumper_car_atmel.o

Memory Configuration

Name             Origin             Length             Attributes
text             0x00000000         0x00020000         xr
data             0x00800060         0x0000ffa0         rw !x
eeprom           0x00810000         0x00010000         rw !x
fuse             0x00820000         0x00000400         rw !x
lock             0x00830000         0x00000400         rw !x
signature        0x00840000         0x00000400         rw !x
*default*        0x00000000         0xffffffff

Linker script and memory map

Address of section .data set to 0x800100
LOAD c:/winavr-20081124rc3/bin/../lib/gcc/avr/4.3.2/../../../../avr/lib/avr5/crtm168.o
LOAD bumper_car_atmel.o
LOAD c:/winavr-20081124rc3/bin/../lib/gcc/avr/4.3.2/avr5\libgcc.a
LOAD c:/winavr-20081124rc3/bin/../lib/gcc/avr/4.3.2/../../../../avr/lib/avr5\libc.a
LOAD c:/winavr-20081124rc3/bin/../lib/gcc/avr/4.3.2/avr5\libgcc.a

.hash
 *(.hash)

.dynsym
 *(.dynsym)

.dynstr
 *(.dynstr)

.gnu.version
 *(.gnu.version)

.gnu.version_d
 *(.gnu.version_d)

.gnu.version_r
 *(.gnu.version_r)

.rel.init
 *(.rel.init)

.rela.init
 *(.rela.init)

.rel.text
 *(.rel.text)
 *(.rel.text.*)
 *(.rel.gnu.linkonce.t*)

.rela.text
 *(.rela.text)
 *(.rela.text.*)
 *(.rela.gnu.linkonce.t*)

.rel.fini
 *(.rel.fini)

.rela.fini
 *(.rela.fini)

.rel.rodata
 *(.rel.rodata)
 *(.rel.rodata.*)
 *(.rel.gnu.linkonce.r*)

.rela.rodata
 *(.rela.rodata)
 *(.rela.rodata.*)
 *(.rela.gnu.linkonce.r*)

.rel.data
 *(.rel.data)
 *(.rel.data.*)
 *(.rel.gnu.linkonce.d*)

.rela.data
 *(.rela.data)
 *(.rela.data.*)
 *(.rela.gnu.linkonce.d*)

.rel.ctors
 *(.rel.ctors)

.rela.ctors
 *(.rela.ctors)

.rel.dtors
 *(.rel.dtors)

.rela.dtors
 *(.rela.dtors)

.rel.got
 *(.rel.got)

.rela.got
 *(.rela.got)

.rel.bss
 *(.rel.bss)

.rela.bss
 *(.rela.bss)

.rel.plt
 *(.rel.plt)

.rela.plt
 *(.rela.plt)

.text           0x00000000      0xe48
 *(.vectors)
 .vectors       0x00000000       0x68 c:/winavr-20081124rc3/bin/../lib/gcc/avr/4.3.2/../../../../avr/lib/avr5/crtm168.o
                0x00000000                __vectors
                0x00000000                __vector_default
 *(.vectors)
 *(.progmem.gcc*)
 *(.progmem*)
                0x00000068                . = ALIGN (0x2)
                0x00000068                __trampolines_start = .
 *(.trampolines)
 .trampolines   0x00000068        0x0 linker stubs
 *(.trampolines*)
                0x00000068                __trampolines_end = .
 *(.jumptables)
 *(.jumptables*)
 *(.lowtext)
 *(.lowtext*)
                0x00000068                __ctors_start = .
 *(.ctors)
                0x00000068                __ctors_end = .
                0x00000068                __dtors_start = .
 *(.dtors)
                0x00000068                __dtors_end = .
 SORT(*)(.ctors)
 SORT(*)(.dtors)
 *(.init0)
 .init0         0x00000068        0x0 c:/winavr-20081124rc3/bin/../lib/gcc/avr/4.3.2/../../../../avr/lib/avr5/crtm168.o
                0x00000068                __init
 *(.init0)
 *(.init1)
 *(.init1)
 *(.init2)
 .init2         0x00000068        0xc c:/winavr-20081124rc3/bin/../lib/gcc/avr/4.3.2/../../../../avr/lib/avr5/crtm168.o
 *(.init2)
 *(.init3)
 *(.init3)
 *(.init4)
 .init4         0x00000074       0x16 c:/winavr-20081124rc3/bin/../lib/gcc/avr/4.3.2/avr5\libgcc.a(_copy_data.o)
                0x00000074                __do_copy_data
 .init4         0x0000008a       0x10 c:/winavr-20081124rc3/bin/../lib/gcc/avr/4.3.2/avr5\libgcc.a(_clear_bss.o)
                0x0000008a                __do_clear_bss
 *(.init4)
 *(.init5)
 *(.init5)
 *(.init6)
 *(.init6)
 *(.init7)
 *(.init7)
 *(.init8)
 *(.init8)
 *(.init9)
 .init9         0x0000009a        0x8 c:/winavr-20081124rc3/bin/../lib/gcc/avr/4.3.2/../../../../avr/lib/avr5/crtm168.o
 *(.init9)
 *(.text)
 .text          0x000000a2        0x4 c:/winavr-20081124rc3/bin/../lib/gcc/avr/4.3.2/../../../../avr/lib/avr5/crtm168.o
                0x000000a2                __vector_22
                0x000000a2                __vector_1
                0x000000a2                __vector_24
                0x000000a2                __vector_12
                0x000000a2                __bad_interrupt
                0x000000a2                __vector_6
                0x000000a2                __vector_3
                0x000000a2                __vector_23
                0x000000a2                __vector_25
                0x000000a2                __vector_11
                0x000000a2                __vector_13
                0x000000a2                __vector_17
                0x000000a2                __vector_19
                0x000000a2                __vector_7
                0x000000a2                __vector_5
                0x000000a2                __vector_2
                0x000000a2                __vector_21
                0x000000a2                __vector_15
                0x000000a2                __vector_8
                0x000000a2                __vector_14
                0x000000a2                __vector_10
                0x000000a2                __vector_16
                0x000000a2                __vector_18
                0x000000a2                __vector_20
 .text          0x000000a6      0x4a0 bumper_car_atmel.o
                0x00000126                reset
                0x00000260                escape
                0x00000140                motor_control
                0x0000045c                main
                0x000003f2                __vector_4
                0x00000256                seconds
                0x00000204                __vector_9
                0x000000a6                motor
 .text          0x00000546        0x0 c:/winavr-20081124rc3/bin/../lib/gcc/avr/4.3.2/avr5\libgcc.a(_exit.o)
 .text          0x00000546        0x0 c:/winavr-20081124rc3/bin/../lib/gcc/avr/4.3.2/avr5\libgcc.a(_copy_data.o)
 .text          0x00000546        0x0 c:/winavr-20081124rc3/bin/../lib/gcc/avr/4.3.2/avr5\libgcc.a(_clear_bss.o)
 .text          0x00000546      0x354 c:/winavr-20081124rc3/bin/../lib/gcc/avr/4.3.2/avr5\libgcc.a(_addsub_sf.o)
                0x000007de                __subsf3
                0x00000840                __addsf3
 .text          0x0000089a       0x60 c:/winavr-20081124rc3/bin/../lib/gcc/avr/4.3.2/avr5\libgcc.a(_gt_sf.o)
                0x0000089a                __gtsf2
 .text          0x000008fa        0x0 c:/winavr-20081124rc3/bin/../lib/gcc/avr/4.3.2/avr5\libgcc.a(_thenan_sf.o)
 .text          0x000008fa       0xf2 c:/winavr-20081124rc3/bin/../lib/gcc/avr/4.3.2/avr5\libgcc.a(_usi_to_sf.o)
                0x000008fa                __floatunsisf
 .text          0x000009ec        0x0 c:/winavr-20081124rc3/bin/../lib/gcc/avr/4.3.2/avr5\libgcc.a(_prologue.o)
 .text          0x000009ec        0x0 c:/winavr-20081124rc3/bin/../lib/gcc/avr/4.3.2/avr5\libgcc.a(_epilogue.o)
 .text          0x000009ec       0x9e c:/winavr-20081124rc3/bin/../lib/gcc/avr/4.3.2/avr5\libgcc.a(_clzsi2.o)
                0x000009ec                __clzsi2
 .text          0x00000a8a      0x1aa c:/winavr-20081124rc3/bin/../lib/gcc/avr/4.3.2/avr5\libgcc.a(_pack_sf.o)
                0x00000a8a                __pack_f
 .text          0x00000c34       0xf0 c:/winavr-20081124rc3/bin/../lib/gcc/avr/4.3.2/avr5\libgcc.a(_unpack_sf.o)
                0x00000c34                __unpack_f
 .text          0x00000d24       0xb2 c:/winavr-20081124rc3/bin/../lib/gcc/avr/4.3.2/avr5\libgcc.a(_fpcmp_parts_sf.o)
                0x00000d24                __fpcmp_parts_f
 .text          0x00000dd6        0x0 c:/winavr-20081124rc3/bin/../lib/gcc/avr/4.3.2/avr5\libgcc.a(_clz.o)
                0x00000dd6                . = ALIGN (0x2)
 *(.text.*)
 .text.libgcc   0x00000dd6        0x0 c:/winavr-20081124rc3/bin/../lib/gcc/avr/4.3.2/avr5\libgcc.a(_exit.o)
 .text.libgcc   0x00000dd6        0x0 c:/winavr-20081124rc3/bin/../lib/gcc/avr/4.3.2/avr5\libgcc.a(_copy_data.o)
 .text.libgcc   0x00000dd6        0x0 c:/winavr-20081124rc3/bin/../lib/gcc/avr/4.3.2/avr5\libgcc.a(_clear_bss.o)
 .text.libgcc   0x00000dd6       0x38 c:/winavr-20081124rc3/bin/../lib/gcc/avr/4.3.2/avr5\libgcc.a(_prologue.o)
                0x00000dd6                __prologue_saves__
 .text.libgcc   0x00000e0e       0x36 c:/winavr-20081124rc3/bin/../lib/gcc/avr/4.3.2/avr5\libgcc.a(_epilogue.o)
                0x00000e0e                __epilogue_restores__
                0x00000e44                . = ALIGN (0x2)
 *(.fini9)
 .fini9         0x00000e44        0x0 c:/winavr-20081124rc3/bin/../lib/gcc/avr/4.3.2/avr5\libgcc.a(_exit.o)
                0x00000e44                exit
                0x00000e44                _exit
 *(.fini9)
 *(.fini8)
 *(.fini8)
 *(.fini7)
 *(.fini7)
 *(.fini6)
 *(.fini6)
 *(.fini5)
 *(.fini5)
 *(.fini4)
 *(.fini4)
 *(.fini3)
 *(.fini3)
 *(.fini2)
 *(.fini2)
 *(.fini1)
 *(.fini1)
 *(.fini0)
 .fini0         0x00000e44        0x4 c:/winavr-20081124rc3/bin/../lib/gcc/avr/4.3.2/avr5\libgcc.a(_exit.o)
 *(.fini0)
                0x00000e48                _etext = .

.data           0x00800100      0x110 load address 0x00000e48
                0x00800100                PROVIDE (__data_start, .)
 *(.data)
 .data          0x00800100        0x0 c:/winavr-20081124rc3/bin/../lib/gcc/avr/4.3.2/../../../../avr/lib/avr5/crtm168.o
 .data          0x00800100        0x8 bumper_car_atmel.o
                0x00800100                RIGHT_MOTOR
                0x00800104                LEFT_BUMPER
                0x00800106                RIGHT_BUMPER
                0x00800102                LEFT_MOTOR
 .data          0x00800108        0x0 c:/winavr-20081124rc3/bin/../lib/gcc/avr/4.3.2/avr5\libgcc.a(_exit.o)
 .data          0x00800108        0x0 c:/winavr-20081124rc3/bin/../lib/gcc/avr/4.3.2/avr5\libgcc.a(_copy_data.o)
 .data          0x00800108        0x0 c:/winavr-20081124rc3/bin/../lib/gcc/avr/4.3.2/avr5\libgcc.a(_clear_bss.o)
 .data          0x00800108        0x0 c:/winavr-20081124rc3/bin/../lib/gcc/avr/4.3.2/avr5\libgcc.a(_addsub_sf.o)
 .data          0x00800108        0x0 c:/winavr-20081124rc3/bin/../lib/gcc/avr/4.3.2/avr5\libgcc.a(_gt_sf.o)
 .data          0x00800108        0x8 c:/winavr-20081124rc3/bin/../lib/gcc/avr/4.3.2/avr5\libgcc.a(_thenan_sf.o)
                0x00800108                __thenan_sf
 .data          0x00800110        0x0 c:/winavr-20081124rc3/bin/../lib/gcc/avr/4.3.2/avr5\libgcc.a(_usi_to_sf.o)
 .data          0x00800110        0x0 c:/winavr-20081124rc3/bin/../lib/gcc/avr/4.3.2/avr5\libgcc.a(_prologue.o)
 .data          0x00800110        0x0 c:/winavr-20081124rc3/bin/../lib/gcc/avr/4.3.2/avr5\libgcc.a(_epilogue.o)
 .data          0x00800110        0x0 c:/winavr-20081124rc3/bin/../lib/gcc/avr/4.3.2/avr5\libgcc.a(_clzsi2.o)
 .data          0x00800110        0x0 c:/winavr-20081124rc3/bin/../lib/gcc/avr/4.3.2/avr5\libgcc.a(_pack_sf.o)
 .data          0x00800110        0x0 c:/winavr-20081124rc3/bin/../lib/gcc/avr/4.3.2/avr5\libgcc.a(_unpack_sf.o)
 .data          0x00800110        0x0 c:/winavr-20081124rc3/bin/../lib/gcc/avr/4.3.2/avr5\libgcc.a(_fpcmp_parts_sf.o)
 .data          0x00800110      0x100 c:/winavr-20081124rc3/bin/../lib/gcc/avr/4.3.2/avr5\libgcc.a(_clz.o)
                0x00800110                __clz_tab
 *(.data*)
 *(.rodata)
 *(.rodata*)
 *(.gnu.linkonce.d*)
                0x00800210                . = ALIGN (0x2)
                0x00800210                _edata = .
                0x00800210                PROVIDE (__data_end, .)

.bss            0x00800210       0x18
                0x00800210                PROVIDE (__bss_start, .)
 *(.bss)
 .bss           0x00800210        0x0 c:/winavr-20081124rc3/bin/../lib/gcc/avr/4.3.2/../../../../avr/lib/avr5/crtm168.o
 .bss           0x00800210        0xe bumper_car_atmel.o
                0x00800210                timecount
                0x00800218                right
                0x00800216                left
                0x00800212                mseconds
                0x00800214                start
 .bss           0x0080021e        0x0 c:/winavr-20081124rc3/bin/../lib/gcc/avr/4.3.2/avr5\libgcc.a(_exit.o)
 .bss           0x0080021e        0x0 c:/winavr-20081124rc3/bin/../lib/gcc/avr/4.3.2/avr5\libgcc.a(_copy_data.o)
 .bss           0x0080021e        0x0 c:/winavr-20081124rc3/bin/../lib/gcc/avr/4.3.2/avr5\libgcc.a(_clear_bss.o)
 .bss           0x0080021e        0x0 c:/winavr-20081124rc3/bin/../lib/gcc/avr/4.3.2/avr5\libgcc.a(_addsub_sf.o)
 .bss           0x0080021e        0x0 c:/winavr-20081124rc3/bin/../lib/gcc/avr/4.3.2/avr5\libgcc.a(_gt_sf.o)
 .bss           0x0080021e        0x0 c:/winavr-20081124rc3/bin/../lib/gcc/avr/4.3.2/avr5\libgcc.a(_thenan_sf.o)
 .bss           0x0080021e        0x0 c:/winavr-20081124rc3/bin/../lib/gcc/avr/4.3.2/avr5\libgcc.a(_usi_to_sf.o)
 .bss           0x0080021e        0x0 c:/winavr-20081124rc3/bin/../lib/gcc/avr/4.3.2/avr5\libgcc.a(_prologue.o)
 .bss           0x0080021e        0x0 c:/winavr-20081124rc3/bin/../lib/gcc/avr/4.3.2/avr5\libgcc.a(_epilogue.o)
 .bss           0x0080021e        0x0 c:/winavr-20081124rc3/bin/../lib/gcc/avr/4.3.2/avr5\libgcc.a(_clzsi2.o)
 .bss           0x0080021e        0x0 c:/winavr-20081124rc3/bin/../lib/gcc/avr/4.3.2/avr5\libgcc.a(_pack_sf.o)
 .bss           0x0080021e        0x0 c:/winavr-20081124rc3/bin/../lib/gcc/avr/4.3.2/avr5\libgcc.a(_unpack_sf.o)
 .bss           0x0080021e        0x0 c:/winavr-20081124rc3/bin/../lib/gcc/avr/4.3.2/avr5\libgcc.a(_fpcmp_parts_sf.o)
 .bss           0x0080021e        0x0 c:/winavr-20081124rc3/bin/../lib/gcc/avr/4.3.2/avr5\libgcc.a(_clz.o)
 *(.bss*)
 *(COMMON)
 COMMON         0x0080021e        0xa bumper_car_atmel.o
                0x0080021e                escape_action
                0x00800220                escape_time
                0x00800224                escape_bumper
                0x00800226                reset_action
                0x00800228                PROVIDE (__bss_end, .)
                0x00000e48                __data_load_start = LOADADDR (.data)
                0x00000f58                __data_load_end = (__data_load_start + SIZEOF (.data))

.noinit         0x00800228        0x0
                0x00800228                PROVIDE (__noinit_start, .)
 *(.noinit*)
                0x00800228                PROVIDE (__noinit_end, .)
                0x00800228                _end = .
                0x00800228                PROVIDE (__heap_start, .)

.eeprom         0x00810000        0x0
 *(.eeprom*)
                0x00810000                __eeprom_end = .

.fuse
 *(.fuse)
 *(.lfuse)
 *(.hfuse)
 *(.efuse)

.lock
 *(.lock*)

.signature
 *(.signature*)

.stab
 *(.stab)

.stabstr
 *(.stabstr)

.stab.excl
 *(.stab.excl)

.stab.exclstr
 *(.stab.exclstr)

.stab.index
 *(.stab.index)

.stab.indexstr
 *(.stab.indexstr)

.comment
 *(.comment)

.debug
 *(.debug)

.line
 *(.line)

.debug_srcinfo
 *(.debug_srcinfo)

.debug_sfnames
 *(.debug_sfnames)

.debug_aranges  0x00000000       0x20
 *(.debug_aranges)
 .debug_aranges
                0x00000000       0x20 bumper_car_atmel.o

.debug_pubnames
                0x00000000      0x133
 *(.debug_pubnames)
 .debug_pubnames
                0x00000000      0x133 bumper_car_atmel.o

.debug_info     0x00000000      0x2b6
 *(.debug_info)
 .debug_info    0x00000000      0x2b6 bumper_car_atmel.o
 *(.gnu.linkonce.wi.*)

.debug_abbrev   0x00000000      0x118
 *(.debug_abbrev)
 .debug_abbrev  0x00000000      0x118 bumper_car_atmel.o

.debug_line     0x00000000      0x3b2
 *(.debug_line)
 .debug_line    0x00000000      0x3b2 bumper_car_atmel.o

.debug_frame    0x00000000       0x90
 *(.debug_frame)
 .debug_frame   0x00000000       0x90 bumper_car_atmel.o

.debug_str      0x00000000      0x172
 *(.debug_str)
 .debug_str     0x00000000      0x172 bumper_car_atmel.o
                                0x1b8 (size before relaxing)

.debug_loc      0x00000000       0xc0
 *(.debug_loc)
 .debug_loc     0x00000000       0xc0 bumper_car_atmel.o

.debug_macinfo
 *(.debug_macinfo)
OUTPUT(bumper_car_atmel.elf elf32-avr)
LOAD linker stubs

.debug_ranges   0x00000000       0x18
 .debug_ranges  0x00000000       0x18 bumper_car_atmel.o
